<?xml version="1.0" encoding="utf-8"?>
<?AutomationStudio Version=3.0?>
<Transfer xmlns="http://br-automation.co.at/AS/Transfer">
  <OperatingSystem Version="V3.00"/>
  <Hardware Target="SG4"/>
  <Operation Delete="statistics.br"/>
  <Operation Delete="alarm.br"/>
  <Operation Delete="rcp_cpy.br"/>
  <Operation Delete="hs_sim.br"/>
  <Operation Delete="hmi_sup.br"/>
  <Operation Delete="ip_con.br"/>
  <Operation Delete="hs_con.br"/>
  <Operation Delete="MainHM.br"/>
  <Operation Delete="vcpdvnc.br"/>
  <Operation Delete="visvc.br"/>
  <Operation Delete="vcpfar00.br"/>
  <Operation Delete="vccline.br"/>
  <Operation Delete="vccbar.br"/>
  <Operation Delete="vcclbox.br"/>
  <Operation Delete="vccalarm.br"/>
  <Operation Delete="vcchtml.br"/>
  <Operation Delete="vcdsint.br"/>
  <Operation Delete="vcdsloc.br"/>
  <Operation Delete="vcctrend.br"/>
  <Operation Delete="vcctext.br"/>
  <Operation Delete="vcrt.br"/>
  <Operation Delete="vcchspot.br"/>
  <Operation Delete="vccovl.br"/>
  <Operation Delete="vcpdsw.br"/>
  <Operation Delete="vcalarm.br"/>
  <Operation Delete="vctcal.br"/>
  <Operation Delete="vcfntttf.br"/>
  <Operation Delete="vccbmp.br"/>
  <Operation Delete="vccnum.br"/>
  <Operation Delete="vcfile.br"/>
  <Operation Delete="vcbclass.br"/>
  <Operation Delete="vccshape.br"/>
  <Operation Delete="vccbtn.br"/>
  <Operation Delete="vcmgr.br"/>
  <Operation Delete="arsdm.br"/>
  <Operation Delete="vcscrsht.br"/>
  <Operation Delete="loopconr.br"/>
  <Operation Delete="bmslib.br"/>
  <Operation Delete="vcshared.br"/>
  <Operation Delete="arialbd.br"/>
  <Operation Delete="arial.br"/>
  <Operation Delete="MainHM03.br"/>
  <Operation Delete="MainHM02.br"/>
  <Operation Delete="MainHM01.br"/>
  <Operation Delete="brsystem.br"/>
  <Operation Delete="vcnet.br"/>
  <Operation Delete="vcxml.br"/>
  <Operation Delete="vccurl.br"/>
  <Operation Delete="vcgclass.br"/>
  <Operation Delete="webserv.br"/>
  <Operation Delete="astcp.br"/>
  <Operation Delete="asmem.br"/>
  <Operation Delete="sys_lib.br"/>
  <Operation Delete="fileio.br"/>
  <Operation Delete="astime.br"/>
  <Operation Delete="DataObj.br"/>
  <Operation Download="asfw.br" Memory="SystemROM"/>
  <Operation Download="ashwd.br" Memory="SystemROM"/>
  <Operation Download="arconfig.br" Memory="SystemROM"/>
  <Operation Download="sysconf.br" Memory="SystemROM"/>
  <Operation Restart="warm"/>
  <Operation Download="arsdmsvp.br" Memory="UserROM"/>
  <Operation Download="arsdmsvg.br" Memory="UserROM"/>
  <Operation Download="arsdmhtm.br" Memory="UserROM"/>
  <Operation Restart="warm"/>
  <Operation Download="convert.br" Memory="UserROM"/>
  <Operation Download="runtime.br" Memory="UserROM"/>
  <Operation Download="DataObj.br" Memory="UserROM"/>
  <Operation Download="astime.br" Memory="UserROM"/>
  <Operation Download="fileio.br" Memory="UserROM"/>
  <Operation Download="sys_lib.br" Memory="UserROM"/>
  <Operation Download="asmem.br" Memory="UserROM"/>
  <Operation Download="astcp.br" Memory="UserROM"/>
  <Operation Download="webserv.br" Memory="UserROM"/>
  <Operation Download="vcresman.br" Memory="UserROM"/>
  <Operation Download="vcgclass.br" Memory="UserROM"/>
  <Operation Download="vccurl.br" Memory="UserROM"/>
  <Operation Download="vcxml.br" Memory="UserROM"/>
  <Operation Download="visapi.br" Memory="UserROM"/>
  <Operation Download="vcnet.br" Memory="UserROM"/>
  <Operation Download="asstring.br" Memory="UserROM"/>
  <Operation Download="brsystem.br" Memory="UserROM"/>
  <Operation Download="MainHM01.br" Memory="UserROM"/>
  <Operation Download="MainHM02.br" Memory="UserROM"/>
  <Operation Download="MainHM03.br" Memory="UserROM"/>
  <Operation Download="arial.br" Memory="UserROM"/>
  <Operation Download="arialbd.br" Memory="UserROM"/>
  <Operation Download="vcshared.br" Memory="UserROM"/>
  <Operation Download="bmslib.br" Memory="UserROM"/>
  <Operation Download="loopconr.br" Memory="UserROM"/>
  <Operation Download="vcscrsht.br" Memory="UserROM"/>
  <Operation Download="arsdm.br" Memory="UserROM"/>
  <Operation Download="vcmgr.br" Memory="UserROM"/>
  <Operation Download="vccbtn.br" Memory="UserROM"/>
  <Operation Download="vccshape.br" Memory="UserROM"/>
  <Operation Download="vcbclass.br" Memory="UserROM"/>
  <Operation Download="vcfile.br" Memory="UserROM"/>
  <Operation Download="vccnum.br" Memory="UserROM"/>
  <Operation Download="vccbmp.br" Memory="UserROM"/>
  <Operation Download="vcfntttf.br" Memory="UserROM"/>
  <Operation Download="vctcal.br" Memory="UserROM"/>
  <Operation Download="vcalarm.br" Memory="UserROM"/>
  <Operation Download="vcpdsw.br" Memory="UserROM"/>
  <Operation Download="vccovl.br" Memory="UserROM"/>
  <Operation Download="vcchspot.br" Memory="UserROM"/>
  <Operation Download="vcrt.br" Memory="UserROM"/>
  <Operation Download="vcctext.br" Memory="UserROM"/>
  <Operation Download="vcctrend.br" Memory="UserROM"/>
  <Operation Download="vcdsloc.br" Memory="UserROM"/>
  <Operation Download="vcdsint.br" Memory="UserROM"/>
  <Operation Download="vcchtml.br" Memory="UserROM"/>
  <Operation Download="vccalarm.br" Memory="UserROM"/>
  <Operation Download="vcclbox.br" Memory="UserROM"/>
  <Operation Download="vccbar.br" Memory="UserROM"/>
  <Operation Download="vccline.br" Memory="UserROM"/>
  <Operation Download="vcpfar00.br" Memory="UserROM"/>
  <Operation Download="visvc.br" Memory="UserROM"/>
  <Operation Download="vcpdvnc.br" Memory="UserROM"/>
  <Operation Download="iomap.br" Memory="UserROM"/>
  <Operation Download="rcp_def.br" Memory="UserROM"/>
  <Operation Download="heatcurv.br" Memory="UserROM"/>
  <Operation Download="lin_heat.br" Memory="UserROM"/>
  <Operation Download="lin_in.br" Memory="UserROM"/>
  <Operation Download="lin_out.br" Memory="UserROM"/>
  <Operation Download="temph_10.br" Memory="UserROM"/>
  <Operation Download="bms_stat.br" Memory="UserROM"/>
  <Operation Download="templ_08.br" Memory="UserROM"/>
  <Operation Download="temph05.br" Memory="UserROM"/>
  <Operation Download="heat_03.br" Memory="UserROM"/>
  <Operation Download="temph_05.br" Memory="UserROM"/>
  <Operation Download="heat_04.br" Memory="UserROM"/>
  <Operation Download="templ_07.br" Memory="UserROM"/>
  <Operation Download="templ_09.br" Memory="UserROM"/>
  <Operation Download="temph_09.br" Memory="UserROM"/>
  <Operation Download="heat_09.br" Memory="UserROM"/>
  <Operation Download="templ_06.br" Memory="UserROM"/>
  <Operation Download="heat_10.br" Memory="UserROM"/>
  <Operation Download="temph_07.br" Memory="UserROM"/>
  <Operation Download="templ_04.br" Memory="UserROM"/>
  <Operation Download="temph_02.br" Memory="UserROM"/>
  <Operation Download="templ_05.br" Memory="UserROM"/>
  <Operation Download="heat_05.br" Memory="UserROM"/>
  <Operation Download="templ_02.br" Memory="UserROM"/>
  <Operation Download="temph_03.br" Memory="UserROM"/>
  <Operation Download="templ05.br" Memory="UserROM"/>
  <Operation Download="temph_04.br" Memory="UserROM"/>
  <Operation Download="heat_02.br" Memory="UserROM"/>
  <Operation Download="templ_03.br" Memory="UserROM"/>
  <Operation Download="heat_06.br" Memory="UserROM"/>
  <Operation Download="heat_07.br" Memory="UserROM"/>
  <Operation Download="temph_06.br" Memory="UserROM"/>
  <Operation Download="templ_10.br" Memory="UserROM"/>
  <Operation Download="temph_08.br" Memory="UserROM"/>
  <Operation Download="MainHM.br" Memory="UserROM"/>
  <Operation Download="hs_con.br" Memory="UserROM"/>
  <Operation Download="ip_con.br" Memory="UserROM"/>
  <Operation Download="hmi_sup.br" Memory="UserROM"/>
  <Operation Download="hs_sim.br" Memory="UserROM"/>
  <Operation Download="rcp_cpy.br" Memory="UserROM"/>
  <Operation Download="alarm.br" Memory="UserROM"/>
  <Operation Download="statistics.br" Memory="UserROM"/>
</Transfer>