\Logical\Globals\Alarms.typ
\Logical\Globals\Alarms.var
\Logical\Globals\Global.typ
\Logical\Globals\Global.var
\Logical\Globals\IO.var
\Logical\Libraries\asstring\asstring.fun
\Logical\Libraries\astime\astime.fun
\Logical\Libraries\astime\astime.typ
\Logical\Libraries\astime\astime.var
\Logical\Libraries\bmslib\bmslib.fun
\Logical\Libraries\bmslib\bmslib.typ
\Logical\Libraries\bmslib\bmslib.var
\Logical\Libraries\brsystem\brsystem.fun
\Logical\Libraries\brsystem\brsystem.var
\Logical\Libraries\Convert\Convert.fun
\Logical\Libraries\DataObj\DataObj.fun
\Logical\Libraries\DataObj\DataObj.typ
\Logical\Libraries\DataObj\DataObj.var
\Logical\Libraries\FileIO\FileIO.fun
\Logical\Libraries\FileIO\FileIO.typ
\Logical\Libraries\FileIO\FileIO.var
\Logical\Libraries\LoopConR\LoopConR.fun
\Logical\Libraries\LoopConR\LoopConR.typ
\Logical\Libraries\LoopConR\LoopConR.var
\Logical\Libraries\Operator\operator.fun
\Logical\Libraries\Runtime\runtime.fun
\Logical\Libraries\Runtime\runtime.typ
\Logical\Libraries\Runtime\runtime.var
\Logical\Libraries\sys_lib\sys_lib.fun
\Logical\Libraries\sys_lib\sys_lib.typ
\Logical\Libraries\sys_lib\sys_lib.var
\Logical\Libraries\VcScrSht\VcScrSht.fun
\Logical\Libraries\Visapi\Visapi.fun
\Logical\Libraries\Visapi\Visapi.typ
\Logical\MainStation\alarm\alarm.var
\Logical\MainStation\HeatingSystem\hs_con\hs_con.typ
\Logical\MainStation\HeatingSystem\hs_con\hs_con.var
\Logical\MainStation\HeatingSystem\hs_sim\hs_sim.var
\Logical\MainStation\hmi_sup\hmi_sup.var
\Logical\MainStation\IrrigationSystem\ip_con\ip_con.var
\Logical\MainStation\rcp_cpy\rcp_cpy.var
\Logical\MainStation\statistics\statistics.var
