Z:\Hauslleittechnik\Projekt\PP400\bms\Logical\Globals\Alarms.typ
Z:\Hauslleittechnik\Projekt\PP400\bms\Logical\Globals\Alarms.var
Z:\Hauslleittechnik\Projekt\PP400\bms\Logical\Globals\Global.typ
Z:\Hauslleittechnik\Projekt\PP400\bms\Logical\Globals\Global.var
Z:\Hauslleittechnik\Projekt\PP400\bms\Logical\Globals\IO.var
Z:\Hauslleittechnik\Projekt\PP400\bms\Logical\Libraries\asstring\asstring.fun
Z:\Hauslleittechnik\Projekt\PP400\bms\Logical\Libraries\astime\astime.fun
Z:\Hauslleittechnik\Projekt\PP400\bms\Logical\Libraries\astime\astime.typ
Z:\Hauslleittechnik\Projekt\PP400\bms\Logical\Libraries\astime\astime.var
Z:\Hauslleittechnik\Projekt\PP400\bms\Logical\Libraries\bmslib\bmslib.fun
Z:\Hauslleittechnik\Projekt\PP400\bms\Logical\Libraries\bmslib\bmslib.typ
Z:\Hauslleittechnik\Projekt\PP400\bms\Logical\Libraries\bmslib\bmslib.var
Z:\Hauslleittechnik\Projekt\PP400\bms\Logical\Libraries\brsystem\brsystem.fun
Z:\Hauslleittechnik\Projekt\PP400\bms\Logical\Libraries\brsystem\brsystem.var
Z:\Hauslleittechnik\Projekt\PP400\bms\Logical\Libraries\Convert\Convert.fun
Z:\Hauslleittechnik\Projekt\PP400\bms\Logical\Libraries\DataObj\DataObj.fun
Z:\Hauslleittechnik\Projekt\PP400\bms\Logical\Libraries\DataObj\DataObj.typ
Z:\Hauslleittechnik\Projekt\PP400\bms\Logical\Libraries\DataObj\DataObj.var
Z:\Hauslleittechnik\Projekt\PP400\bms\Logical\Libraries\FileIO\FileIO.fun
Z:\Hauslleittechnik\Projekt\PP400\bms\Logical\Libraries\FileIO\FileIO.typ
Z:\Hauslleittechnik\Projekt\PP400\bms\Logical\Libraries\FileIO\FileIO.var
Z:\Hauslleittechnik\Projekt\PP400\bms\Logical\Libraries\LoopConR\LoopConR.fun
Z:\Hauslleittechnik\Projekt\PP400\bms\Logical\Libraries\LoopConR\LoopConR.typ
Z:\Hauslleittechnik\Projekt\PP400\bms\Logical\Libraries\LoopConR\LoopConR.var
Z:\Hauslleittechnik\Projekt\PP400\bms\Logical\Libraries\Operator\operator.fun
Z:\Hauslleittechnik\Projekt\PP400\bms\Logical\Libraries\Runtime\runtime.fun
Z:\Hauslleittechnik\Projekt\PP400\bms\Logical\Libraries\Runtime\runtime.typ
Z:\Hauslleittechnik\Projekt\PP400\bms\Logical\Libraries\Runtime\runtime.var
Z:\Hauslleittechnik\Projekt\PP400\bms\Logical\Libraries\sys_lib\sys_lib.fun
Z:\Hauslleittechnik\Projekt\PP400\bms\Logical\Libraries\sys_lib\sys_lib.typ
Z:\Hauslleittechnik\Projekt\PP400\bms\Logical\Libraries\sys_lib\sys_lib.var
Z:\Hauslleittechnik\Projekt\PP400\bms\Logical\Libraries\VcScrSht\VcScrSht.fun
Z:\Hauslleittechnik\Projekt\PP400\bms\Logical\Libraries\Visapi\Visapi.fun
Z:\Hauslleittechnik\Projekt\PP400\bms\Logical\Libraries\Visapi\Visapi.typ
