/Logical/Basement/PW35/VCObject.vc3
/Logical/Globals/Alarms.typ
/Logical/Globals/Alarms.var
/Logical/Globals/Global.typ
/Logical/Globals/Global.var
/Logical/Globals/IO.var
/Logical/History.dat
/Logical/Libraries/asstring/asstring.fun
/Logical/Libraries/astime/astime.fun
/Logical/Libraries/astime/astime.typ
/Logical/Libraries/astime/astime.var
/Logical/Libraries/bmslib/bmslib.fun
/Logical/Libraries/bmslib/bmslib.st
/Logical/Libraries/bmslib/bmslib.typ
/Logical/Libraries/bmslib/bmslib.var
/Logical/Libraries/brsystem/brsystem.fun
/Logical/Libraries/brsystem/brsystem.var
/Logical/Libraries/Convert/Convert.fun
/Logical/Libraries/DataObj/DataObj.fun
/Logical/Libraries/DataObj/DataObj.typ
/Logical/Libraries/DataObj/DataObj.var
/Logical/Libraries/FileIO/FileIO.fun
/Logical/Libraries/FileIO/FileIO.typ
/Logical/Libraries/FileIO/FileIO.var
/Logical/Libraries/LoopConR/LoopConR.fun
/Logical/Libraries/LoopConR/LoopConR.typ
/Logical/Libraries/LoopConR/LoopConR.var
/Logical/Libraries/Operator/operator.fun
/Logical/Libraries/Runtime/runtime.fun
/Logical/Libraries/Runtime/runtime.typ
/Logical/Libraries/Runtime/runtime.var
/Logical/Libraries/sys_lib/sys_lib.fun
/Logical/Libraries/sys_lib/sys_lib.typ
/Logical/Libraries/sys_lib/sys_lib.var
/Logical/Libraries/VcScrSht/VcScrSht.fun
/Logical/Libraries/Visapi/Visapi.fun
/Logical/Libraries/Visapi/Visapi.typ
/Logical/MainStation/alarm/alarm.st
/Logical/MainStation/alarm/alarm.var
/Logical/MainStation/HeatingSystem/heatcurv/heatcurv.dat
/Logical/MainStation/HeatingSystem/hs_con/hs_con.st
/Logical/MainStation/HeatingSystem/hs_con/hs_con.typ
/Logical/MainStation/HeatingSystem/hs_con/hs_con.var
/Logical/MainStation/HeatingSystem/hs_sim/hs_sim.st
/Logical/MainStation/HeatingSystem/hs_sim/hs_sim.var
/Logical/MainStation/HeatingSystem/lin_heat/lin_heat.dat
/Logical/MainStation/HeatingSystem/lin_in/lin_in.dat
/Logical/MainStation/HeatingSystem/lin_out/lin_out.dat
/Logical/MainStation/hmi_sup/hmi_sup.st
/Logical/MainStation/hmi_sup/hmi_sup.var
/Logical/MainStation/IrrigationSystem/ip_con/ip_con.st
/Logical/MainStation/IrrigationSystem/ip_con/ip_con.var
/Logical/MainStation/MainHMI/VCObject.vc
/Logical/MainStation/rcp_cpy/rcp_cpy.st
/Logical/MainStation/rcp_cpy/rcp_cpy.var
/Logical/MainStation/rcp_def/rcp_def.dat
/Logical/MainStation/statistics/statistics.st
/Logical/MainStation/statistics/statistics.var
/Logical/notizen.dat
/Physical/MainStation/PP420/sysconf.syc
/Physical/MainStation/PP420/ArConfig.rtc
/Physical/MainStation/PP420/IoMap.iom
/Physical/MainStation/PP420/PvMap.vvm
/Physical/MainStation/PP420/sysconf.br
/Physical/MainStation/PP420/Statistics/bms_stat.br
/Physical/MainStation/PP420/TrendData/heat_02.br
/Physical/MainStation/PP420/TrendData/heat_03.br
/Physical/MainStation/PP420/TrendData/heat_04.br
/Physical/MainStation/PP420/TrendData/heat_05.br
/Physical/MainStation/PP420/TrendData/heat_06.br
/Physical/MainStation/PP420/TrendData/heat_07.br
/Physical/MainStation/PP420/TrendData/heat_09.br
/Physical/MainStation/PP420/TrendData/temph05.br
/Physical/MainStation/PP420/TrendData/temph_02.br
/Physical/MainStation/PP420/TrendData/temph_03.br
/Physical/MainStation/PP420/TrendData/temph_04.br
/Physical/MainStation/PP420/TrendData/temph_05.br
/Physical/MainStation/PP420/TrendData/temph_06.br
/Physical/MainStation/PP420/TrendData/temph_07.br
/Physical/MainStation/PP420/TrendData/temph_08.br
/Physical/MainStation/PP420/TrendData/temph_09.br
/Physical/MainStation/PP420/TrendData/templ05.br
/Physical/MainStation/PP420/TrendData/templ_02.br
/Physical/MainStation/PP420/TrendData/templ_03.br
/Physical/MainStation/PP420/TrendData/templ_04.br
/Physical/MainStation/PP420/TrendData/templ_05.br
/Physical/MainStation/PP420/TrendData/templ_06.br
/Physical/MainStation/PP420/TrendData/templ_07.br
/Physical/MainStation/PP420/TrendData/templ_08.br
/Physical/MainStation/PP420/TrendData/templ_09.br
/Physical/MainStation/PP420/TrendData/temph_10.br
/Physical/MainStation/PP420/TrendData/templ_10.br
/Physical/MainStation/PP420/TrendData/heat_10.br
/Physical/MainStation/PP420/Cpu.sw
/Physical/MainStation/PP420/MainStationOnly.sw
